  + delivery: 368,981 bytes -> delivery.csv
  + fo: 1,208,815 bytes -> fo.zip
  backfilled 2026-06-05
  + delivery: 369,283 bytes -> delivery.csv
  + fo: 1,185,229 bytes -> fo.zip
  backfilled 2026-06-04
  + delivery: 369,233 bytes -> delivery.csv
  + fo: 1,186,805 bytes -> fo.zip
  backfilled 2026-06-03
  + delivery: 371,003 bytes -> delivery.csv
  + fo: 1,180,505 bytes -> fo.zip
  backfilled 2026-06-02
  + delivery: 373,878 bytes -> delivery.csv
  + fo: 1,142,739 bytes -> fo.zip
  backfilled 2026-06-01
  + delivery: 373,839 bytes -> delivery.csv
  + fo: 1,100,124 bytes -> fo.zip
  backfilled 2026-05-29
  + delivery: 370,384 bytes -> delivery.csv
  ! fo: Download failed: https://nsearchives.nseindia.com/content/fo/BhavCopy_NSE_FO_0_0_0_20260528_F_0000.csv.zip (HTTP 404)
  backfilled 2026-05-28
  + delivery: 370,384 bytes -> delivery.csv
  + fo: 1,143,484 bytes -> fo.zip
  backfilled 2026-05-27
  + delivery: 370,499 bytes -> delivery.csv
  + fo: 1,470,417 bytes -> fo.zip
  backfilled 2026-05-26
  + delivery: 371,897 bytes -> delivery.csv
  + fo: 1,513,153 bytes -> fo.zip
  backfilled 2026-05-25
  + delivery: 366,835 bytes -> delivery.csv
  + fo: 1,491,776 bytes -> fo.zip
  backfilled 2026-05-22
  + delivery: 366,667 bytes -> delivery.csv
  + fo: 1,470,046 bytes -> fo.zip
  backfilled 2026-05-21
  + delivery: 364,537 bytes -> delivery.csv
  + fo: 1,439,120 bytes -> fo.zip
  backfilled 2026-05-20
  + delivery: 364,315 bytes -> delivery.csv
  + fo: 1,427,845 bytes -> fo.zip
  backfilled 2026-05-19
  + delivery: 369,831 bytes -> delivery.csv
  + fo: 1,415,523 bytes -> fo.zip
  backfilled 2026-05-18
  + delivery: 365,988 bytes -> delivery.csv
  + fo: 1,377,181 bytes -> fo.zip
  backfilled 2026-05-15
  + delivery: 366,382 bytes -> delivery.csv
  + fo: 1,375,507 bytes -> fo.zip
  backfilled 2026-05-14
  + delivery: 367,187 bytes -> delivery.csv
  + fo: 1,345,298 bytes -> fo.zip
  backfilled 2026-05-13
  + delivery: 368,460 bytes -> delivery.csv
  + fo: 1,327,024 bytes -> fo.zip
  backfilled 2026-05-12
  + delivery: 370,887 bytes -> delivery.csv
  + fo: 1,288,449 bytes -> fo.zip
  backfilled 2026-05-11
  + delivery: 368,476 bytes -> delivery.csv
  + fo: 1,263,397 bytes -> fo.zip
  backfilled 2026-05-08
  + delivery: 370,232 bytes -> delivery.csv
  + fo: 1,241,379 bytes -> fo.zip
  backfilled 2026-05-07
  + delivery: 367,798 bytes -> delivery.csv
  + fo: 1,215,550 bytes -> fo.zip
  backfilled 2026-05-06
  + delivery: 368,666 bytes -> delivery.csv
  + fo: 1,174,864 bytes -> fo.zip
  backfilled 2026-05-05
  + delivery: 370,728 bytes -> delivery.csv
  + fo: 1,164,659 bytes -> fo.zip
  backfilled 2026-05-04
  + delivery: 365,181 bytes -> delivery.csv
  ! fo: Download failed: https://nsearchives.nseindia.com/content/fo/BhavCopy_NSE_FO_0_0_0_20260501_F_0000.csv.zip (HTTP 404)
  backfilled 2026-05-01
  + delivery: 365,181 bytes -> delivery.csv
  + fo: 1,117,966 bytes -> fo.zip
  backfilled 2026-04-30
  + delivery: 366,927 bytes -> delivery.csv
  + fo: 1,213,235 bytes -> fo.zip
  backfilled 2026-04-29
  + delivery: 366,935 bytes -> delivery.csv
  + fo: 1,610,285 bytes -> fo.zip
  backfilled 2026-04-28
  + delivery: 370,872 bytes -> delivery.csv
  + fo: 1,651,089 bytes -> fo.zip
  backfilled 2026-04-27
  + delivery: 368,593 bytes -> delivery.csv
  + fo: 1,624,221 bytes -> fo.zip
  backfilled 2026-04-24
  + delivery: 368,711 bytes -> delivery.csv
  + fo: 1,594,113 bytes -> fo.zip
  backfilled 2026-04-23
  + delivery: 368,060 bytes -> delivery.csv
  + fo: 1,563,834 bytes -> fo.zip
  backfilled 2026-04-22
  + delivery: 370,630 bytes -> delivery.csv
  + fo: 1,525,406 bytes -> fo.zip
  backfilled 2026-04-21
  + delivery: 371,096 bytes -> delivery.csv
  + fo: 1,507,140 bytes -> fo.zip
  backfilled 2026-04-20
  + delivery: 361,601 bytes -> delivery.csv
  + fo: 1,481,954 bytes -> fo.zip
  backfilled 2026-04-17
  + delivery: 360,345 bytes -> delivery.csv
  + fo: 1,452,574 bytes -> fo.zip
  backfilled 2026-04-16
  + delivery: 362,563 bytes -> delivery.csv
  + fo: 1,427,376 bytes -> fo.zip
  backfilled 2026-04-15
  + delivery: 358,864 bytes -> delivery.csv
  ! fo: Download failed: https://nsearchives.nseindia.com/content/fo/BhavCopy_NSE_FO_0_0_0_20260414_F_0000.csv.zip (HTTP 404)
  backfilled 2026-04-14
  + delivery: 358,864 bytes -> delivery.csv
  + fo: 1,389,998 bytes -> fo.zip
  backfilled 2026-04-13
  + delivery: 360,444 bytes -> delivery.csv
  + fo: 1,372,091 bytes -> fo.zip
  backfilled 2026-04-10
  + delivery: 357,779 bytes -> delivery.csv
  + fo: 1,353,618 bytes -> fo.zip
  backfilled 2026-04-09
  + delivery: 365,276 bytes -> delivery.csv
  + fo: 1,357,635 bytes -> fo.zip
  backfilled 2026-04-08
  + delivery: 357,878 bytes -> delivery.csv
  + fo: 1,220,246 bytes -> fo.zip
  backfilled 2026-04-07
  + delivery: 359,867 bytes -> delivery.csv
  + fo: 1,207,191 bytes -> fo.zip
  backfilled 2026-04-06
  + delivery: 357,316 bytes -> delivery.csv
  ! fo: Download failed: https://nsearchives.nseindia.com/content/fo/BhavCopy_NSE_FO_0_0_0_20260403_F_0000.csv.zip (HTTP 404)
  backfilled 2026-04-03
  + delivery: 357,316 bytes -> delivery.csv
  + fo: 1,174,035 bytes -> fo.zip
  backfilled 2026-04-02
  + delivery: 358,382 bytes -> delivery.csv
  + fo: 1,314,558 bytes -> fo.zip
  backfilled 2026-04-01
  + delivery: 368,166 bytes -> delivery.csv
  ! fo: Download failed: https://nsearchives.nseindia.com/content/fo/BhavCopy_NSE_FO_0_0_0_20260331_F_0000.csv.zip (HTTP 404)
  backfilled 2026-03-31
  + delivery: 368,166 bytes -> delivery.csv
  + fo: 1,707,526 bytes -> fo.zip
  backfilled 2026-03-30
  + delivery: 366,610 bytes -> delivery.csv
  + fo: 1,727,843 bytes -> fo.zip
  backfilled 2026-03-27
  + delivery: 363,891 bytes -> delivery.csv
  ! fo: Download failed: https://nsearchives.nseindia.com/content/fo/BhavCopy_NSE_FO_0_0_0_20260326_F_0000.csv.zip (HTTP 404)
  backfilled 2026-03-26
  + delivery: 363,891 bytes -> delivery.csv
  + fo: 1,705,613 bytes -> fo.zip
  backfilled 2026-03-25
  + delivery: 363,136 bytes -> delivery.csv
  + fo: 1,687,339 bytes -> fo.zip
  backfilled 2026-03-24
  + delivery: 365,949 bytes -> delivery.csv
  + fo: 1,646,464 bytes -> fo.zip
  backfilled 2026-03-23
  + delivery: 359,779 bytes -> delivery.csv
  + fo: 1,556,944 bytes -> fo.zip
  backfilled 2026-03-20
  + delivery: 357,304 bytes -> delivery.csv
  + fo: 1,538,695 bytes -> fo.zip
  backfilled 2026-03-19
  + delivery: 359,771 bytes -> delivery.csv
  + fo: 1,509,541 bytes -> fo.zip
  backfilled 2026-03-18
  + delivery: 357,764 bytes -> delivery.csv
  + fo: 1,490,998 bytes -> fo.zip
  backfilled 2026-03-17
  + delivery: 361,404 bytes -> delivery.csv
  + fo: 1,513,039 bytes -> fo.zip
  backfilled 2026-03-16
Ingesting rolling bulk/block/FII-DII ...
  bulk: 134 rows
  block: 6 rows
  fiidii: 2 rows
Backfill complete: 60 sessions of delivery/F&O history.
